
  EPA STORM WATER MANAGEMENT MODEL - VERSION 5.2 (Build 5.2.4)
  PYSWMM TOOLKIT API - VERSION v1.0 (2026-02-26)
  ------------------------------------------------------------

  Exported by StormDesk 3.0.0 
  WARNING 04: minimum elevation drop used for Conduit BZ8.1
  WARNING 04: minimum elevation drop used for Conduit HPLBZ01.1
  WARNING 04: minimum elevation drop used for Conduit MC_421
  WARNING 04: minimum elevation drop used for Conduit MC_6
  WARNING 04: minimum elevation drop used for Conduit MC_793
  WARNING 04: minimum elevation drop used for Conduit MC_909
  WARNING 04: minimum elevation drop used for Conduit MH0002311.2
  WARNING 04: minimum elevation drop used for Conduit MH0002349.1
  WARNING 04: minimum elevation drop used for Conduit MH0248656.1
  WARNING 04: minimum elevation drop used for Conduit MH0248656.2
  WARNING 04: minimum elevation drop used for Conduit MH0266931.1
  WARNING 04: minimum elevation drop used for Conduit MH0266932.1
  WARNING 04: minimum elevation drop used for Conduit MH0267451.1
  WARNING 04: minimum elevation drop used for Conduit MH0267452.1
  WARNING 04: minimum elevation drop used for Conduit MH0272368.2
  WARNING 04: minimum elevation drop used for Conduit MH0272369.2
  WARNING 04: minimum elevation drop used for Conduit OFC_HPLBZ02
  WARNING 04: minimum elevation drop used for Conduit OFC_HPLBZ02!
  WARNING 04: minimum elevation drop used for Conduit OFC_HPLBZ02!!
  WARNING 04: minimum elevation drop used for Conduit OFC_HPLBZ02!!!
  WARNING 04: minimum elevation drop used for Conduit OFC_HPLBZ02!!!!
  WARNING 04: minimum elevation drop used for Conduit OFC_HPLBZ02!!!!!
  WARNING 04: minimum elevation drop used for Conduit OFC_HPLBZ02!!!!!!
  WARNING 04: minimum elevation drop used for Conduit OFC_HPLBZ02!!!!!!!
  WARNING 04: minimum elevation drop used for Conduit OFC_JCH_CSO_outf
  WARNING 04: minimum elevation drop used for Conduit OFC_MSL
  WARNING 04: minimum elevation drop used for Conduit OFC_MSL01.1
  WARNING 04: minimum elevation drop used for Conduit OFC_MSLBZ002
  WARNING 04: minimum elevation drop used for Conduit OFC_MSLBZ002!
  WARNING 04: minimum elevation drop used for Conduit OFC_MSLBZ002!!
  WARNING 04: minimum elevation drop used for Conduit OFC_MSLBZ002!!!
  WARNING 04: minimum elevation drop used for Conduit OFC_MSLBZ002!!!!
  WARNING 04: minimum elevation drop used for Conduit OFC_OF0000022!
  WARNING 04: minimum elevation drop used for Conduit OFC_OF0000022!!!
  WARNING 04: minimum elevation drop used for Conduit OFC_OF0000022!!!!
  WARNING 04: minimum elevation drop used for Conduit OFC_OF0000022!!!!!
  WARNING 04: minimum elevation drop used for Conduit OFC_OF0000022!!!!!!
  WARNING 04: minimum elevation drop used for Conduit OFC_OF0000022!!!!!!!
  WARNING 04: minimum elevation drop used for Conduit OFC_OF0000022!!!!!!!!
  WARNING 04: minimum elevation drop used for Conduit OFC_OF0248833
  WARNING 04: minimum elevation drop used for Conduit OFC_OF0249147
  WARNING 04: minimum elevation drop used for Conduit OFC_OF0257296
  WARNING 04: minimum elevation drop used for Conduit OFC_OF0257296!
  WARNING 04: minimum elevation drop used for Conduit OFC_OF0261559
  WARNING 04: minimum elevation drop used for Conduit OFC_Zhongyi
  WARNING 04: minimum elevation drop used for Conduit OFC_cc010
  WARNING 04: minimum elevation drop used for Conduit OFC_dwyl
  WARNING 04: minimum elevation drop used for Conduit OFC_jchX02
  WARNING 04: minimum elevation drop used for Conduit OFC_wwPlant
  WARNING 04: minimum elevation drop used for Conduit OFC_wwPlant!
  WARNING 04: minimum elevation drop used for Conduit VP0237773.1
  WARNING 04: minimum elevation drop used for Conduit VP0267224.1
  WARNING 04: minimum elevation drop used for Conduit VP0271973.1
  WARNING 04: minimum elevation drop used for Conduit VP0271974.1
  WARNING 04: minimum elevation drop used for Conduit VP0271982.2
  WARNING 04: minimum elevation drop used for Conduit VP0271982.3
  WARNING 04: minimum elevation drop used for Conduit VP0271985.2
  WARNING 04: minimum elevation drop used for Conduit VP0271989.2
  WARNING 04: minimum elevation drop used for Conduit VP0271992.2
  WARNING 04: minimum elevation drop used for Conduit VP0272047.2
  WARNING 04: minimum elevation drop used for Conduit VP0272049.2
  WARNING 04: minimum elevation drop used for Conduit VP0272056.1
  WARNING 04: minimum elevation drop used for Conduit VP0272072.2
  WARNING 04: minimum elevation drop used for Conduit VP0272073.2
  WARNING 04: minimum elevation drop used for Conduit VP0272075.2
  WARNING 04: minimum elevation drop used for Conduit VP0272085.2
  WARNING 04: minimum elevation drop used for Conduit VP0272091.2
  WARNING 04: minimum elevation drop used for Conduit VP0272101.2
  WARNING 04: minimum elevation drop used for Conduit VP0272136.1
  WARNING 04: minimum elevation drop used for Conduit VP0272145.1
  WARNING 04: minimum elevation drop used for Conduit VP0272239.1
  WARNING 04: minimum elevation drop used for Conduit VP0272240.1
  WARNING 04: minimum elevation drop used for Conduit VP0272242.2
  WARNING 04: minimum elevation drop used for Conduit VP0272378.1
  WARNING 04: minimum elevation drop used for Conduit VP0272379.1
  WARNING 04: minimum elevation drop used for Conduit VP0272379.2
  WARNING 04: minimum elevation drop used for Conduit VP0272380.1
  WARNING 04: minimum elevation drop used for Conduit VP0272597.1
  WARNING 04: minimum elevation drop used for Conduit VP0600334.1
  WARNING 04: minimum elevation drop used for Conduit gbz1.1

  Analysis begun on:  Sun Jul 26 23:18:52 2026
  Analysis ended on:  Sun Jul 26 23:18:52 2026
  Total elapsed time: < 1 sec